---
source: src/lexer.rs
expression: result
---
[
    {0:PPNumber},
    {1:PPNumber},
    {42:PPNumber},
    {1000000:PPNumber},
    {1U:PPNumber},
    {1u:PPNumber},
    {1L:PPNumber},
    {1l:PPNumber},
    {1UL:PPNumber},
    {1Lu:PPNumber},
    {1LU:PPNumber},
    {1uL:PPNumber},
    {1LL:PPNumber},
    {1ll:PPNumber},
    {1ULL:PPNumber},
    {1uLL:PPNumber},
    {1LLu:PPNumber},
    {1LLU:PPNumber},
    {1llu:PPNumber},
    {1llU:PPNumber},
    {0:PPNumber},
    {07:PPNumber},
    {0777:PPNumber},
    {010U:PPNumber},
    {0123L:PPNumber},
    {0123456701234567ULL:PPNumber},
    {0x1:PPNumber},
    {0X1:PPNumber},
    {0xFF:PPNumber},
    {0x1U:PPNumber},
    {0x1u:PPNumber},
    {0x1L:PPNumber},
    {0x1UL:PPNumber},
    {0x1LU:PPNumber},
    {0x1LL:PPNumber},
    {0x1ULL:PPNumber},
    {0xDEADBEEFuLL:PPNumber},
    {0Xabcdef:PPNumber},
    {0b1:PPNumber},
    {0B1:PPNumber},
    {0b1010:PPNumber},
    {0b1010U:PPNumber},
    {0b1010UL:PPNumber},
    {0b1010ULL:PPNumber},
    {0b101010101:PPNumber},
    {1wb:PPNumber},
    {1uwb:PPNumber},
    {1Uwb:PPNumber},
    {1uWB:PPNumber},
    {1WB:PPNumber},
    {0x1Fwb:PPNumber},
    {0b101uwb:PPNumber},
    {123456789012345wb:PPNumber},
    {1'000:PPNumber},
    {1'000'000:PPNumber},
    {0x1'FFFF:PPNumber},
    {0b1010'1010:PPNumber},
    {1'000U:PPNumber},
    {1'000'000ULL:PPNumber},
    {0xFF'FF'FF'FFu:PPNumber},
    {1.0:PPNumber},
    {1.:PPNumber},
    {.1:PPNumber},
    {0.0:PPNumber},
    {3.14159:PPNumber},
    {1.0f:PPNumber},
    {1.0F:PPNumber},
    {1.0l:PPNumber},
    {1.0L:PPNumber},
    {.5f:PPNumber},
    {5.f:PPNumber},
    {1e10:PPNumber},
    {1E10:PPNumber},
    {1e+10:PPNumber},
    {1e-10:PPNumber},
    {1.5e10:PPNumber},
    {1.5e+10:PPNumber},
    {1.5e-10:PPNumber},
    {1.5e10f:PPNumber},
    {1.5e-10L:PPNumber},
    {1'000.5:PPNumber},
    {1.000'001:PPNumber},
    {0x1p0:PPNumber},
    {0x1P0:PPNumber},
    {0x1.8p3:PPNumber},
    {0x1.8p+3:PPNumber},
    {0x1.8p-3:PPNumber},
    {0x1p3f:PPNumber},
    {0x1.8p-3L:PPNumber},
    {0x1FFp10:PPNumber},
    {0x.1p4:PPNumber},
    {0x1.p4:PPNumber},
    {1.2.3:PPNumber},
    {0x1.8:PPNumber},
    {0x:PPNumber},
    {0x1p:PPNumber},
    {1e:PPNumber},
    {1e+:PPNumber},
    {09:PPNumber},
    {0128:PPNumber},
    {1ULLULL:PPNumber},
    {123abc:PPNumber},
    {1.0.0f:PPNumber},
    {0b:PPNumber},
    {0b2:PPNumber},
    {1wb2:PPNumber},
    {1uwbu:PPNumber},
]
